---
source: tests/test_discord.rs
expression: parsed
---
[
    DiscordLink {
        id: "160374716928884736",
        uuid: fed0ec4a-f1ad-4b97-9443-876391668b34,
    },
    DiscordLink {
        id: "160374716928884736",
        uuid: f17d77ab-aed4-44e7-96ef-ec9cd473eda3,
    },
]
